******************************************************************************
               TMS320C6x Linker Unix v6.1.17                   
******************************************************************************
>> Linked Sun May 10 03:04:02 2015

OUTPUT FILE NAME:   <Release/helloDSP.out>
ENTRY POINT SYMBOL: "_c_int00"  address: 87e45200


MEMORY CONFIGURATION

         name            origin    length      used     unused   attr    fill
----------------------  --------  ---------  --------  --------  ----  --------
  IRAM                  107f8000   00010000  00000000  00010000  RWIX
  CACHE_L2              10808000   00008000  00000000  00008000  RWIX
  CACHE_L1P             10e04000   00004000  00000000  00004000  RWIX
  L1DSRAM               10f04000   00004000  00000000  00004000  RWIX
  CACHE_L1D             10f10000   00008000  00000000  00008000  RWIX
  RESET_VECTOR          87e00000   00000080  00000000  00000080  RWIX
  DDR2                  87e00080   000fff80  00046187  000b9df9  RWIX
  DSPLINKMEM            87f00000   00030000  00000000  00030000  RWIX
  POOLMEM               87f30000   000d0000  00000000  000d0000  RWIX


SECTION ALLOCATION MAP

 output                                  attributes/
section   page    origin      length       input sections
--------  ----  ----------  ----------   ----------------
.vers      0    00000000    00000040     COPY SECTION
                  00000000    00000040     helloDSPcfg.obj (.vers)

.pinit     0    87e00080    00000000     UNINITIALIZED

.prd       0    87e00080    00000000     UNINITIALIZED

.data      0    87e00080    00000000     UNINITIALIZED

.hst       0    87e00080    00000000     UNINITIALIZED

.pip       0    87e00080    00000000     UNINITIALIZED

.DDR2$heap 
*          0    87e00080    00020000     UNINITIALIZED
                  87e00080    00020000     --HOLE--

.far       0    87e20080    0001050a     UNINITIALIZED
                  87e20080    00010020     tskMessage.obj (.far)
                  87e300a0    00000120     dsplink.lib : ips.obj (.far)
                  87e301c0    000000d8     bios.a64P : knl.o64P (.far)
                  87e30298    00000080     dsplinkpool.lib : dsplinkpool.obj (.far)
                  87e30318    00000080     helloDSP_config.obj (.far)
                  87e30398    0000005c     bios.a64P : tsk.o64P (.far)
                  87e303f4    00000004     bios3430.a64P : bcache_wait.o64P (.far)
                  87e303f8    00000054     bios.a64P : obj_init.o64P (.far)
                  87e3044c    00000050               : tsk_stup.o64P (.far)
                  87e3049c    00000004     bios3430.a64P : clk2430_data.o64P (.far)
                  87e304a0    00000020     bios.a64P : sys.o64P (.far)
                  87e304c0    00000016     dsplinkmsg.lib : zcpy_mqt.obj (.far)
                  87e304d6    00000002     dsplink.lib : dsplink.obj (.far)
                  87e304d8    00000014     bios.a64P : swi_seta.o64P (.far)
                  87e304ec    00000004     dsplink.lib : shm_drv.obj (.far)
                  87e304f0    00000014                 : hal_interrupt.obj (.far)
                  87e30504    00000010     bios.a64P : exc.o64P (.far)
                  87e30514    00000010               : knl_tick.o64P (.far)
                  87e30524    0000000c               : hwi_disp.o64P (.far)
                  87e30530    0000000c               : utl_putc.o64P (.far)
                  87e3053c    0000000c     bios3430.a64P : bcache_table.o64P (.far)
                  87e30548    00000008     dsplinkmpcs.lib : _mpcs.obj (.far)
                  87e30550    00000008     dsplinkmplist.lib : _mplist.obj (.far)
                  87e30558    00000008     dsplinknotify.lib : _notify.obj (.far)
                  87e30560    00000008     dsplinkringio.lib : ringio.obj (.far)
                  87e30568    00000008     rts64plus.lib : _lock.obj (.far)
                  87e30570    00000008                   : divf.obj (.far)
                  87e30578    00000004     dsplinkdata.lib : dsplinkdata.obj (.far)
                  87e3057c    00000004     dsplinkmpcs.lib : mpcs.obj (.far)
                  87e30580    00000004     dsplinkmsg.lib : dsplinkmqt.obj (.far)
                  87e30584    00000004     helloDSPcfg.obj (.far)
                  87e30588    00000002     main.obj (.far)

.sts       0    87e3058c    00000010     
                  87e3058c    00000010     helloDSPcfg.obj (.sts)

.idl       0    87e3059c    00000004     UNINITIALIZED
                  87e3059c    00000004     helloDSPcfg.obj (.idl)

.text      0    87e305a0    000091a0     
                  87e305a0    00003060     dsplinkringio.lib : _ringio.obj (.text)
                  87e33600    00000e60     dsplinkmpcs.lib : mpcs.obj (.text)
                  87e34460    00000d40     dsplink.lib : ips.obj (.text)
                  87e351a0    000009a0     tskMessage.obj (.text)
                  87e35b40    00000640     dsplinkmsg.lib : zcpy_mqt.obj (.text)
                  87e36180    000005a0     dsplink.lib : dsplink.obj (.text)
                  87e36720    00000580     dsplinkmsg.lib : zcpy_mqt.obj (.text:ZCPYMQT_locate)
                  87e36ca0    00000540     dsplinkpool.lib : sma_pool.obj (.text)
                  87e371e0    00000500     rts64plus.lib : divf.obj (.text:__divf)
                  87e376e0    00000460     dsplinkmpcs.lib : _mpcs.obj (.text)
                  87e37b40    00000260     dsplinkmsg.lib : zcpy_mqt.obj (.text:ZCPYMQT_open)
                  87e37da0    00000240                    : zcpy_mqt.obj (.text:ZCPYMQT_msgXfer)
                  87e37fe0    00000200     rts64plus.lib : mpyf.obj (.text:__mpyf)
                  87e381e0    00000200     dsplinkmplist.lib : _mplist.obj (.text)
                  87e383e0    000001c0     dsplink.lib : hal_interrupt.obj (.text:DSPLINK_init)
                  87e385a0    00000140     dsplinkmsg.lib : zcpy_mqt.obj (.text:ZCPYMQT_close)
                  87e386e0    00000120     dsplinknotify.lib : notify.obj (.text)
                  87e38800    00000120     main.obj (.text)
                  87e38920    00000100     dsplink.lib : hal_interrupt.obj (.text)
                  87e38a20    000000e0                 : shm_drv.obj (.text:DSPLINK_init)
                  87e38b00    000000e0     rts64plus.lib : cmpd.obj (.text:__cmpd)
                  87e38be0    000000e0                   : atoi.obj (.text:_atoi)
                  87e38cc0    000000e0                   : memset.obj (.text:_memset)
                  87e38da0    000000c0     dsplink.lib : dsplink.obj (.text:DSPLINK_init)
                  87e38e60    000000c0     rts64plus.lib : divu.obj (.text:__divu)
                  87e38f20    000000c0     bios.a64P : tsk_stup.o64P (.text)
                  87e38fe0    000000c0     dsplinknotify.lib : _notify.obj (.text)
                  87e390a0    000000a0     dsplink.lib : dsplinkips.obj (.text:DSPLINK_init)
                  87e39140    000000a0     dsplinkpool.lib : dsplinkpool.obj (.text:DSPLINK_init)
                  87e391e0    000000a0     rts64plus.lib : frcmpyf_div.obj (.text:__frcmpyf_div)
                  87e39280    000000a0                   : remu.obj (.text:__remu)
                  87e39320    000000a0                   : memcpy64.obj (.text:_memcpy)
                  87e393c0    00000080                   : cmpf.obj (.text:__cmpf)
                  87e39440    00000080                   : fixfu.obj (.text:__fixfu)
                  87e394c0    00000060                   : cvtfd.obj (.text:__cvtfd)
                  87e39520    00000060                   : frcmpyf.obj (.text:__frcmpyf)
                  87e39580    00000040     dsplinkdata.lib : dsplinkdata.obj (.text:DSPLINK_init)
                  87e395c0    00000040     dsplinkmsg.lib : dsplinkmqt.obj (.text:DSPLINK_init)
                  87e39600    00000040     rts64plus.lib : fltuf.obj (.text:__fltuf)
                  87e39640    00000040     dsplink.lib : hal.obj (.text)
                  87e39680    00000020     dsplinkmsg.lib : zcpy_mqt.obj (.text:DSPLINK_init)
                  87e396a0    00000020                    : zcpy_mqt.obj (.text:ZCPYMQT_release)
                  87e396c0    00000020     rts64plus.lib : divf.obj (.text:___isnanf)
                  87e396e0    00000020                   : _lock.obj (.text:__nop)
                  87e39700    00000020                   : _lock.obj (.text:__register_lock)
                  87e39720    00000020                   : _lock.obj (.text:__register_unlock)

.bios      0    87e39740    00005360     
                  87e39740    000005c0     bios.a64P : sys_prin.o64P (.bios)
                  87e39d00    00000520               : exc.o64P (.bios)
                  87e3a220    000004e0               : hwi_disp_asm.o64P (.bios)
                  87e3a700    000004c0               : swi.o64P (.bios)
                  87e3abc0    00000380               : prd.o64P (.bios)
                  87e3af40    00000340               : tsk_crea.o64P (.bios)
                  87e3b280    00000240               : knl_run.o64P (.bios)
                  87e3b4c0    00000200               : sem_pend.o64P (.bios)
                  87e3b6c0    00000200     bios3430.a64P : clk2430.o64P (.bios)
                  87e3b8c0    000001e0     bios.a64P : mem_allo.o64P (.bios:.near)
                  87e3baa0    000001e0               : c62_plug.o64P (.bios)
                  87e3bc80    000001e0               : exc_asm.o64P (.bios)
                  87e3be60    000001e0               : knl_tick.o64P (.bios)
                  87e3c040    000001c0               : mem_free.o64P (.bios:.near)
                  87e3c200    000001c0               : sem_dopo.o64P (.bios)
                  87e3c3c0    000001c0     bios3430.a64P : clk.o64P (.bios)
                  87e3c580    000001a0     bios.a64P : tsk_setu.o64P (.bios)
                  87e3c720    00000180               : knl_swit.o64P (.bios)
                  87e3c8a0    00000140               : autoinit.o64P (.bios)
                  87e3c9e0    00000140               : knl_read.o64P (.bios)
                  87e3cb20    00000140               : msgq_open.o64P (.bios)
                  87e3cc60    00000140               : tsk_exit.o64P (.bios)
                  87e3cda0    00000140     bios3430.a64P : bcache_init.o64P (.bios)
                  87e3cee0    00000140                   : clk2430_reconfig.o64P (.bios)
                  87e3d020    00000120     bios.a64P : gbl_cacheinit64P.o64P (.bios)
                  87e3d140    00000120               : knl_chec.o64P (.bios)
                  87e3d260    00000120               : tsk_stup.o64P (.bios)
                  87e3d380    00000100               : msgq_locate.o64P (.bios)
                  87e3d480    00000100               : msgq_stup.o64P (.bios)
                  87e3d580    00000100     bios3430.a64P : bcache_block.o64P (.bios)
                  87e3d680    000000e0     bios.a64P : msgq_locatelocal.o64P (.bios)
                  87e3d760    000000e0               : sem_post_asm.o64P (.bios)
                  87e3d840    000000c0               : knl_exit.o64P (.bios)
                  87e3d900    000000c0               : msgq_alloc.o64P (.bios)
                  87e3d9c0    000000a0               : knl_star.o64P (.bios)
                  87e3da60    000000a0               : msgq_close.o64P (.bios)
                  87e3db00    000000a0               : msgq_get.o64P (.bios)
                  87e3dba0    000000a0               : msgq_put.o64P (.bios)
                  87e3dc40    000000a0               : sem_post.o64P (.bios)
                  87e3dce0    000000a0               : swi_seta.o64P (.bios)
                  87e3dd80    000000a0               : sys_exit.o64P (.bios)
                  87e3de20    00000080               : atm.o64P (.bios)
                  87e3dea0    00000080               : hwi_disp.o64P (.bios)
                  87e3df20    00000080               : hwi_eventmap64P.o64P (.bios)
                  87e3dfa0    00000080               : knl_ipos.o64P (.bios)
                  87e3e020    00000080               : knl_post.o64P (.bios)
                  87e3e0a0    00000080               : lck.o64P (.bios)
                  87e3e120    00000080               : log.o64P (.bios)
                  87e3e1a0    00000080               : obj_crea.o64P (.bios)
                  87e3e220    00000080               : swi_crea.o64P (.bios)
                  87e3e2a0    00000080     bios3430.a64P : bcache_all.o64P (.bios)
                  87e3e320    00000080                   : bcache_wait.o64P (.bios)
                  87e3e3a0    00000060     bios.a64P : mem_vall.o64P (.bios:.near)
                  87e3e400    00000060               : sys_erro.o64P (.bios:.near)
                  87e3e460    00000060               : fxn.o64P (.bios)
                  87e3e4c0    00000060               : hwi_c.o64P (.bios)
                  87e3e520    00000060               : msgq_release.o64P (.bios)
                  87e3e580    00000060               : obj_dele.o64P (.bios)
                  87e3e5e0    00000060               : sem_pend_binary.o64P (.bios)
                  87e3e640    00000060               : sem_pend_counting.o64P (.bios)
                  87e3e6a0    00000060               : sts.o64P (.bios)
                  87e3e700    00000060               : swi_disable.o64P (.bios)
                  87e3e760    00000060               : sys_abor.o64P (.bios)
                  87e3e7c0    00000060               : utl_putc.o64P (.bios)
                  87e3e820    00000040               : c62_c.o64P (.bios)
                  87e3e860    00000040               : msgq_free.o64P (.bios)
                  87e3e8a0    00000040               : que_get.o64P (.bios)
                  87e3e8e0    00000040               : utl_doab.o64P (.bios)
                  87e3e920    00000020               : fxn_c.o64P (.bios)
                  87e3e940    00000020               : gbl_vers.o64P (.bios)
                  87e3e960    00000020               : hook_setenv.o64P (.bios)
                  87e3e980    00000020               : idl.o64P (.bios)
                  87e3e9a0    00000020               : log_printf.o64P (.bios)
                  87e3e9c0    00000020               : msgq_seterrhandler.o64P (.bios)
                  87e3e9e0    00000020               : sts_set.o64P (.bios)
                  87e3ea00    00000020               : swi_dele.o64P (.bios)
                  87e3ea20    00000020               : sys_one.o64P (.bios)
                  87e3ea40    00000020               : utl_doer.o64P (.bios)
                  87e3ea60    00000020               : utl_halt.o64P (.bios)
                  87e3ea80    00000020     bios3430.a64P : clk2430_gethtime.o64P (.bios)

.stack     0    87e3eaa0    00001000     UNINITIALIZED
                  87e3eaa0    00001000     --HOLE--

.TSK_idle$stk 
*          0    87e3faa0    00000400     UNINITIALIZED
                  87e3faa0    00000400     helloDSPcfg.obj (.TSK_idle$stk)

.tsk       0    87e3fea0    00000060     UNINITIALIZED
                  87e3fea0    00000060     helloDSPcfg.obj (.tsk)

.LOG_system$buf 
*          0    87e3ff00    00000100     UNINITIALIZED
                  87e3ff00    00000100     helloDSPcfg.obj (.LOG_system$buf)

.trace$buf 
*          0    87e40000    00004000     UNINITIALIZED
                  87e40000    00004000     helloDSPcfg.obj (.trace$buf)

.cinit     0    87e44000    00000c74     
                  87e44000    0000030c     helloDSPcfg.obj (.cinit)
                  87e4430c    00000004     --HOLE-- [fill = 0]
                  87e44310    0000026c     bios.a64P : biosdata.o64P (.cinit)
                  87e4457c    00000004     --HOLE-- [fill = 0]
                  87e44580    000001a4               : knl.o64P (.cinit)
                  87e44724    00000004     --HOLE-- [fill = 0]
                  87e44728    000000b0               : swi.o64P (.cinit)
                  87e447d8    00000096     helloDSP_config.obj (.cinit)
                  87e4486e    00000002     --HOLE-- [fill = 0]
                  87e44870    00000070     bios.a64P : tsk.o64P (.cinit)
                  87e448e0    00000060               : tsk_stup.o64P (.cinit)
                  87e44940    0000003c               : exc.o64P (.cinit)
                  87e4497c    00000004     --HOLE-- [fill = 0]
                  87e44980    00000034               : hwi.o64P (.cinit)
                  87e449b4    00000004     --HOLE-- [fill = 0]
                  87e449b8    0000002c               : utl_putc.o64P (.cinit)
                  87e449e4    00000004     --HOLE-- [fill = 0]
                  87e449e8    0000002a     dsplinkmsg.lib : zcpy_mqt.obj (.cinit)
                  87e44a12    00000006     --HOLE-- [fill = 0]
                  87e44a18    00000028     dsplink.lib : ips.obj (.cinit)
                  87e44a40    00000024     bios.a64P : obj_init.o64P (.cinit)
                  87e44a64    00000004     --HOLE-- [fill = 0]
                  87e44a68    0000001c               : exc_asm.o64P (.cinit)
                  87e44a84    00000004     --HOLE-- [fill = 0]
                  87e44a88    0000001c               : swi_seta.o64P (.cinit)
                  87e44aa4    00000004     --HOLE-- [fill = 0]
                  87e44aa8    0000001c               : sys.o64P (.cinit)
                  87e44ac4    00000004     --HOLE-- [fill = 0]
                  87e44ac8    0000001c     dsplinkmpcs.lib : _mpcs.obj (.cinit)
                  87e44ae4    00000004     --HOLE-- [fill = 0]
                  87e44ae8    0000001c     dsplinkmplist.lib : _mplist.obj (.cinit)
                  87e44b04    00000004     --HOLE-- [fill = 0]
                  87e44b08    0000001c     dsplinknotify.lib : _notify.obj (.cinit)
                  87e44b24    00000004     --HOLE-- [fill = 0]
                  87e44b28    0000001c     dsplinkringio.lib : ringio.obj (.cinit)
                  87e44b44    00000004     --HOLE-- [fill = 0]
                  87e44b48    0000001c     rts64plus.lib : _lock.obj (.cinit)
                  87e44b64    00000004     --HOLE-- [fill = 0]
                  87e44b68    00000018     bios.a64P : knl_tick.o64P (.cinit)
                  87e44b80    00000014               : hwi_disp.o64P (.cinit)
                  87e44b94    00000004     --HOLE-- [fill = 0]
                  87e44b98    00000014     bios3430.a64P : bcache_table.o64P (.cinit)
                  87e44bac    00000004     --HOLE-- [fill = 0]
                  87e44bb0    00000010     rts64plus.lib : divf.obj (.cinit)
                  87e44bc0    0000000c     bios.a64P : knl_star.o64P (.cinit)
                  87e44bcc    00000004     --HOLE-- [fill = 0]
                  87e44bd0    0000000c               : knl_swit.o64P (.cinit)
                  87e44bdc    00000004     --HOLE-- [fill = 0]
                  87e44be0    0000000c               : msgq.o64P (.cinit)
                  87e44bec    00000004     --HOLE-- [fill = 0]
                  87e44bf0    0000000c               : pool.o64P (.cinit)
                  87e44bfc    00000004     --HOLE-- [fill = 0]
                  87e44c00    0000000c     bios3430.a64P : bcache_wait.o64P (.cinit)
                  87e44c0c    00000004     --HOLE-- [fill = 0]
                  87e44c10    0000000c     dsplink.lib : shm_drv.obj (.cinit)
                  87e44c1c    00000004     --HOLE-- [fill = 0]
                  87e44c20    0000000c     dsplinkmsg.lib : dsplinkmqt.obj (.cinit)
                  87e44c2c    00000004     --HOLE-- [fill = 0]
                  87e44c30    0000000a     bios.a64P : msgq_init.o64P (.cinit)
                  87e44c3a    00000006     --HOLE-- [fill = 0]
                  87e44c40    0000000a               : msgq_stup.o64P (.cinit)
                  87e44c4a    00000006     --HOLE-- [fill = 0]
                  87e44c50    0000000a               : pool_init.o64P (.cinit)
                  87e44c5a    00000006     --HOLE-- [fill = 0]
                  87e44c60    0000000a     dsplink.lib : dsplink.obj (.cinit)
                  87e44c6a    00000006     --HOLE-- [fill = 0]
                  87e44c70    00000004     (.pad.cinit) [fill = 0]

.trcdata   0    87e44c74    0000000c     
                  87e44c74    0000000c     bios.a64P : trc.o64P (.trcdata)

.sysinit   0    87e44c80    00000760     
                  87e44c80    00000320     helloDSPcfg.obj (.sysinit)
                  87e44fa0    00000140     bios.a64P : msgq_init.o64P (.sysinit)
                  87e450e0    00000120               : pool_init.o64P (.sysinit)
                  87e45200    000000c0               : boot.o64P (.sysinit)
                  87e452c0    000000a0               : mem_init.o64P (.sysinit)
                  87e45360    00000060               : tsk_init.o64P (.sysinit)
                  87e453c0    00000020               : obj_init.o64P (.sysinit)

.const     0    87e453e0    00000575     
                  87e453e0    00000193     bios.a64P : exc.o64P (.const)
                  87e45573    00000004               : mem_allo.o64P (.const)
                  87e45577    00000001     --HOLE-- [fill = 0]
                  87e45578    00000101     rts64plus.lib : ctype.obj (.const:__ctypes_)
                  87e45679    000000be     tskMessage.obj (.const:.string)
                  87e45737    0000004e     bios.a64P : pool_init.o64P (.const)
                  87e45785    0000004e               : tsk_stup.o64P (.const)
                  87e457d3    0000002c               : msgq_init.o64P (.const)
                  87e457ff    00000024               : msgq_stup.o64P (.const)
                  87e45823    00000023               : utl_doab.o64P (.const)
                  87e45846    00000022               : utl_doer.o64P (.const)
                  87e45868    0000001c     main.obj (.const:.string)
                  87e45884    00000019     dsplinkmplist.lib : _mplist.obj (.const:.string)
                  87e4589d    00000019     dsplinkringio.lib : _ringio.obj (.const:.string)
                  87e458b6    00000002     --HOLE-- [fill = 0]
                  87e458b8    00000018     bios.a64P : msgq.o64P (.const)
                  87e458d0    00000012     dsplinkmpcs.lib : _mpcs.obj (.const:.string)
                  87e458e2    00000012                     : mpcs.obj (.const:.string)
                  87e458f4    00000012     dsplinkmsg.lib : zcpy_mqt.obj (.const:.string)
                  87e45906    00000012     dsplinkpool.lib : sma_pool.obj (.const:.string)
                  87e45918    00000011     bios.a64P : sys_prin.o64P (.const:_digtohex)
                  87e45929    00000003     --HOLE-- [fill = 0]
                  87e4592c    00000010     dsplinkpool.lib : sma_pool.obj (.const)
                  87e4593c    0000000b     dsplink.lib : dsplink.obj (.const:.string)
                  87e45947    00000007     bios.a64P : sys_prin.o64P (.const)
                  87e4594e    00000004               : mem_free.o64P (.const)
                  87e45952    00000002     --HOLE-- [fill = 0]
                  87e45954    00000001               : tsk.o64P (.const)

.printf    0    87e45955    0000001a     COPY SECTION
                  87e45955    0000001a     helloDSPcfg.obj (.printf)

.bss       0    87e45958    0000033e     UNINITIALIZED
                  87e45958    00000100     bios.a64P : hwi_disp_asm.o64P (.bss)
                  87e45a58    000000cc               : biosdata.o64P (.bss)
                  87e45b24    0000009c               : swi.o64P (.bss)
                  87e45bc0    00000048               : knl.o64P (.bss)
                  87e45c08    00000020               : exc_asm.o64P (.bss)
                  87e45c28    00000018               : hwi.o64P (.bss)
                  87e45c40    00000010               : exc.o64P (.bss)
                  87e45c50    00000010     helloDSPcfg.obj (.bss)
                  87e45c60    0000000c     bios.a64P : tsk.o64P (.bss)
                  87e45c6c    00000008               : clk_data.o64P (.bss)
                  87e45c74    00000008               : sys.o64P (.bss)
                  87e45c7c    00000004               : clk_data2.o64P (.bss)
                  87e45c80    00000004               : knl_star.o64P (.bss)
                  87e45c84    00000004               : mem_asm.o64P (.bss)
                  87e45c88    00000004               : msgq.o64P (.bss)
                  87e45c8c    00000004               : pool.o64P (.bss)
                  87e45c90    00000002               : msgq_init.o64P (.bss)
                  87e45c92    00000002               : msgq_stup.o64P (.bss)
                  87e45c94    00000002               : pool_init.o64P (.bss)

.trace     0    87e45c98    00000200     
                  87e45c98    00000200     --HOLE-- [fill = 00000000]

.gblinit   0    87e45e98    00000034     
                  87e45e98    00000034     helloDSPcfg.obj (.gblinit)

.args      0    87e45ecc    00000032     
                  87e45ecc    00000032     --HOLE-- [fill = 0]

.data:DSPLINK_shmBaseAddress 
*          0    87e45f00    00000084     
                  87e45f00    00000084     dsplink.lib : dsplink.obj (.data:DSPLINK_shmBaseAddress) [fill = c3f05000]

.log       0    87e45f84    00000030     
                  87e45f84    00000030     helloDSPcfg.obj (.log)

.swi       0    87e45fb4    0000002c     UNINITIALIZED
                  87e45fb4    0000002c     helloDSPcfg.obj (.swi)

.switch    0    87e45fe0    00000010     
                  87e45fe0    00000010     dsplinkringio.lib : _ringio.obj (.switch)

.sys       0    87e45ff0    00000010     UNINITIALIZED
                  87e45ff0    00000010     helloDSPcfg.obj (.sys)

.hwi_vec   0    87e46000    00000200     
                  87e46000    00000200     helloDSPcfg.obj (.hwi_vec)

.clk       0    87e46200    00000008     UNINITIALIZED
                  87e46200    00000008     helloDSPcfg.obj (.clk)

.idlcal    0    87e46208    00000004     UNINITIALIZED
                  87e46208    00000004     helloDSPcfg.obj (.idlcal)

.mem       0    87e4620c    00000004     UNINITIALIZED
                  87e4620c    00000004     helloDSPcfg.obj (.mem)


GLOBAL SYMBOLS: SORTED ALPHABETICALLY BY Name 

address    name
--------   ----
87e45958   $bss
87e45958   .bss
87e00080   .data
87e305a0   .text
87e44c80   BIOS_init
87e44ee8   BIOS_start
00000000   BUF$
00000001   BUF_ENABLED
ffffffff   CACHE_L1D
ffffffff   CACHE_L1P
ffffffff   CACHE_L2
00000001   CLK$
87e46200   CLK_A_TABBEG
00000001   CLK_CALDIV
00000001   CLK_CALMULT
00050910   CLK_COUNTSPMS
00000005   CLK_COUNTSPMSHIGH
87e45a80   CLK_D_idletime
87e45a7c   CLK_D_isrhook
87e45a78   CLK_D_tabbeg
87e45a74   CLK_D_timefxn
00000001   CLK_ENABLEHTIME
87e3c3c0   CLK_F_getltime
87e3c3d0   CLK_F_isr
87e3c520   CLK_F_itime
87e3a220   CLK_HOOKFXN
00000001   CLK_HTIMEDIV
00000001   CLK_HTIMEMULT
00050910   CLK_HTIMEPERLTIME
00004b00   CLK_INPUTCLK
00004000   CLK_INTBIT
00000001   CLK_LTIMEDIV
00050910   CLK_LTIMEMULT
000003e8   CLK_MICROSECS
00004b00   CLK_PRD
00000000   CLK_PRDHIGH
49038000   CLK_REGS
00000000   CLK_RESETTIMER
87e45a70   CLK_R_time
00000020   CLK_TCR
00000000   CLK_TDDR
00000000   CLK_TDDRHIGH
87e3ea80   CLK_TIMEFXN
00000000   CLK_TIMERNUM
00000005   CLK_TIMMODE
00000001   CLK_USETIMER
87e46204   CLK_null
87e45c5c   DDR2
87e00080   DDR2$B
00020000   DDR2$L
00000000   DEV$
00000000   DGN$
00000000   DHL$
00000000   DHL_gChannelsAvailable
00000000   DIO$
00000000   DIO_NUMSWIBASE
00000000   DIO_NUMTSKBASE
00000000   DIO_STATIC
00000000   DPI$
ffffffff   DSPLINKMEM
00000000   ECM$
00000000   ECM_ENABLE
ffffffff   ECM_EVTMASK0
ffffffff   ECM_EVTMASK1
ffffffff   ECM_EVTMASK2
ffffffff   ECM_EVTMASK3
0000000a   EVENT10
00000064   EVENT100
00000065   EVENT101
00000066   EVENT102
00000067   EVENT103
00000068   EVENT104
00000069   EVENT105
0000006a   EVENT106
0000006b   EVENT107
0000006c   EVENT108
0000006d   EVENT109
0000000b   EVENT11
0000006e   EVENT110
0000006f   EVENT111
00000070   EVENT112
00000071   EVENT113
00000072   EVENT114
00000073   EVENT115
00000074   EVENT116
00000075   EVENT117
00000076   EVENT118
00000077   EVENT119
0000000c   EVENT12
00000078   EVENT120
00000079   EVENT121
0000007a   EVENT122
0000007b   EVENT123
0000007c   EVENT124
0000007d   EVENT125
0000007e   EVENT126
0000007f   EVENT127
0000000d   EVENT13
0000000e   EVENT14
0000000f   EVENT15
00000010   EVENT16
00000011   EVENT17
00000012   EVENT18
00000013   EVENT19
00000014   EVENT20
00000015   EVENT21
00000016   EVENT22
00000017   EVENT23
00000018   EVENT24
00000019   EVENT25
0000001a   EVENT26
0000001b   EVENT27
0000001c   EVENT28
0000001d   EVENT29
0000001e   EVENT30
0000001f   EVENT31
00000020   EVENT32
00000021   EVENT33
00000022   EVENT34
00000023   EVENT35
00000024   EVENT36
00000025   EVENT37
00000026   EVENT38
00000027   EVENT39
00000004   EVENT4
00000028   EVENT40
00000029   EVENT41
0000002a   EVENT42
0000002b   EVENT43
0000002c   EVENT44
0000002d   EVENT45
0000002e   EVENT46
0000002f   EVENT47
00000030   EVENT48
00000031   EVENT49
00000005   EVENT5
00000032   EVENT50
00000033   EVENT51
00000034   EVENT52
00000035   EVENT53
00000036   EVENT54
00000037   EVENT55
00000038   EVENT56
00000039   EVENT57
0000003a   EVENT58
0000003b   EVENT59
00000006   EVENT6
0000003c   EVENT60
0000003d   EVENT61
0000003e   EVENT62
0000003f   EVENT63
00000040   EVENT64
00000041   EVENT65
00000042   EVENT66
00000043   EVENT67
00000044   EVENT68
00000045   EVENT69
00000007   EVENT7
00000046   EVENT70
00000047   EVENT71
00000048   EVENT72
00000049   EVENT73
0000004a   EVENT74
0000004b   EVENT75
0000004c   EVENT76
0000004d   EVENT77
0000004e   EVENT78
0000004f   EVENT79
00000008   EVENT8
00000050   EVENT80
00000051   EVENT81
00000052   EVENT82
00000053   EVENT83
00000054   EVENT84
00000055   EVENT85
00000056   EVENT86
00000057   EVENT87
00000058   EVENT88
00000059   EVENT89
00000009   EVENT9
0000005a   EVENT90
0000005b   EVENT91
0000005c   EVENT92
0000005d   EVENT93
0000005e   EVENT94
0000005f   EVENT95
00000060   EVENT96
00000061   EVENT97
00000062   EVENT98
00000063   EVENT99
87e3e460   FXN_F_nop
87e3e464   FXN_F_run
87e3e4a0   FXN_F_zero
00000001   GBL$
00005205   GBL_A_VERSION
00000000   GBL_BCACHEREADADDR0
00000000   GBL_BCACHEREADADDR1
00000000   GBL_BCACHEREADADDR2
00000000   GBL_BIGENDIAN
00000000   GBL_CACHE
00000000   GBL_CALLCSLCFGINIT
00004e20   GBL_CLKIN
00000d66   GBL_CLKTYPE
00001963   GBL_DSPSUBTYPE
0000003e   GBL_DSPTYPE
00000000   GBL_ENABLEINST
00000000   GBL_ENABLE_SK
00000042   GBL_FOOTPRINT
00050910   GBL_FREQ
00000000   GBL_GEMTRUECOMPEN
00000007   GBL_L1DMODE
00000003   GBL_L1PMODE
00000001   GBL_L2CONFIGURE
00000000   GBL_L2MAR0_31
00000080   GBL_L2MAR128_159
00000000   GBL_L2MAR160_191
00000000   GBL_L2MAR192_223
00000000   GBL_L2MAR224_255
00000000   GBL_L2MAR32_63
00000000   GBL_L2MAR64_95
00000000   GBL_L2MAR96_127
00000001   GBL_L2MODE
00000000   GBL_NULL
00000000   GBL_PROCID
00000000   GBL_ROM
00000000   GBL_SUPPORTCSL
00004000   GBL_TRCMASKVALUE
00000000   GBL_USERINIT
87e3e920   GBL_USERINITFXN
00000001   GBL_boot
87e44c7c   GBL_initdone
87e3eaa0   GBL_stackbeg
87e3fa9f   GBL_stackend
00000000   GIO$
87e3e920   GIO_CREATEFXN
87e3e920   GIO_DELETEFXN
87e3e920   GIO_PENDFXN
87e3e920   GIO_POSTFXN
00000000   HOOK$
00000000   HOOK_KNLID
00000000   HST$
87e00080   HST_A_TABBEG
87e00080   HST_A_TABEND
00000000   HST_DSM
87e45c5c   HST_DSMBUFSEG
00000400   HST_DSMMEMSIZE
87e45aec   HST_D_chanmask
87e45af0   HST_D_tabbeg
87e45af4   HST_D_tabend
00000100   HST_MAXFRAMEALLOWED
00000000   HST_MAXFRAMESET
00000001   HST_NONE
00000000   HST_RTDX
00000001   HWI$
87e46000   HWI_A_VECS
00004000   HWI_CFGDISPATCHED
87e45c38   HWI_D_bss
87e45c3c   HWI_D_ccmask
87e45c28   HWI_D_spsave
00000001   HWI_ENABLE_EXC
87e3a220   HWI_F_dispatch
00000000   HWI_GENERATE_RESET_VEC
0000000a   HWI_INT10
00000000   HWI_INT10$hwi
0000000b   HWI_INT11
00000000   HWI_INT11$hwi
0000000c   HWI_INT12
00000000   HWI_INT12$hwi
0000000d   HWI_INT13
00000000   HWI_INT13$hwi
0000000e   HWI_INT14
00000000   HWI_INT14$hwi
0000000f   HWI_INT15
00000000   HWI_INT15$hwi
00000004   HWI_INT4
00000000   HWI_INT4$hwi
00000005   HWI_INT5
00000000   HWI_INT5$hwi
00000006   HWI_INT6
00000000   HWI_INT6$hwi
00000007   HWI_INT7
00000000   HWI_INT7$hwi
00000008   HWI_INT8
00000000   HWI_INT8$hwi
00000009   HWI_INT9
00000000   HWI_INT9$hwi
07060504   HWI_INTRMUX1
0a0a0908   HWI_INTRMUX2
34330d0b   HWI_INTRMUX3
00000001   HWI_NMI
00000000   HWI_NMI$hwi
00000000   HWI_POLARITYMASK
00000002   HWI_RESERVED0
00000000   HWI_RESERVED0$hwi
00000003   HWI_RESERVED1
00000000   HWI_RESERVED1$hwi
00000000   HWI_RESET
00000000   HWI_RESET$hwi
00000000   HWI_ZEROTAB
00000000   IDL$
87e46208   IDL_A_CALBEG
87e3059c   IDL_A_TABBEG
00000000   IDL_CALIBRERROR
00000000   IDL_CALIBRFXN
87e45a60   IDL_D_calbeg
87e45a5c   IDL_D_calibrate
87e45a58   IDL_D_tabbeg
87e3059c   IDL_END
87e46208   IDL_END$
87e3e980   IDL_F_loop
00000000   IDL_USECLKIDLTIME
ffffffff   IRAM
00000001   ISRC$
87e3c878   KNL_glue
87e45fb4   KNL_swi
00000001   KNL_swi$dorta
00000000   KNL_swi$ord
00000000   KNL_swi$pri
87e30590   KNL_swi$sts
87e45965   KNL_swi$sts$avgfmt
00000002   KNL_swi$sts$filter
00000001   KNL_swi$sts$filtmaxmult
00000001   KNL_swi$sts$filtsummult
87e45955   KNL_swi$sts$maxfmt
87e3058c   KNL_swi$sts$stsobj
87e4595d   KNL_swi$sts$sumfmt
00000000   KNL_swi$sts$unittype
00000000   KNL_swi$swi
ffffffff   L1DSRAM
00000001   LCK$
00000001   LOG$
87e45f84   LOG_A_TABBEG
87e45fb4   LOG_A_TABEND
00000002   LOG_A_TABLEN
87e45a64   LOG_D_system
00000001   LOG_ENABLED
87e3e120   LOG_F_event
87e45f84   LOG_system
87e3ff00   LOG_system$buf
00000000   LOG_system$datatype
00000000   LOG_system$log
00000040   LOG_system$size
00000000   MBX$
00000001   MEM$
87e45c5c   MEM_MALLOCSEG
00000000   MEM_NULL
87e45c5c   MEM_SEGZERO
00000000   MEM_USEMPC
00000001   MEM_gNumHeap
00000001   MSGQ$
00000001   MSGQ_USEMSGQ
00000000   OBJ$
00000000   PIP$
87e00080   PIP_A_TABBEG
87e00080   PIP_A_TABEND
00000000   PIP_A_TABLEN
87e45a68   PIP_D_tabbeg
87e45a6c   PIP_D_tablen
00000064   PIP_OBJSIZE
00000000   PIP_gNextId
00000000   PIP_gNumEmbed
00000001   POOL$
ffffffff   POOLMEM
00000001   POOL_USEPOOL
00000001   PRD$
87e00080   PRD_A_TABBEG
87e00080   PRD_A_TABEND
00000000   PRD_A_TABLEN
87e45aa8   PRD_D_cur
87e45aac   PRD_D_elapsed
87e45ab0   PRD_D_prevtim
87e45ab4   PRD_D_scalar
87e45ab8   PRD_D_swihandle
87e45abc   PRD_D_tabbeg
87e45ac0   PRD_D_tablen
87e45ac4   PRD_D_thook
87e45aa4   PRD_D_tick
87e3abc0   PRD_F_swi
87e3ae44   PRD_F_tick
00000001   PRD_SCALAR
00000000   PRD_SWIHANDLE
87e3c02c   PRD_THOOKFXN
87e46200   PRD_clock
00000001   PWRM$
00000000   PWRM_PWRM_CAPSMASK
0000000a   PWRM_PWRM_CLKTICKSPERSLOT
00000000   PWRM_PWRM_ENABLE
00000000   PWRM_PWRM_LOADENABLE
00000001   PWRM_PWRM_NUMSLOTS
00000000   PWRM_PWRM_RESOURCETRACKING
00000000   PWRM_PWRM_SCALING
87e3e920   PWRM_PWRM_SHAREDRESOURCEFXN
87e3e920   PWRM_PWRM_SLOTHOOKFXN
00000000   PWRM_PWRM_TIMERIDNUM
00000000   PWRM_PWRM_TIMERINTRMASK
00000000   PWRM_PWRM_TIMERWUGENMASK
00000000   PWRM_PWRM_USERRESOURCES
00000000   PWRM_PWRM_USETIMER
00000001   QUE$
ffffffff   RESET_VECTOR
87e45ac8   RTA_D_fromHost
87e45ad0   RTA_D_logval
87e45ae0   RTA_D_stsval
87e45acc   RTA_D_toHost
00000000   RTDX$
00000408   RTDX_BUFMEMSIZE
87e45c5c   RTDX_DATAMEMSEG
00000000   RTDX_MODE
00000000   RTDX_USERTDX
00000000   RTDX_USERTEXECUTION
00000000   SEM$
00000000   SIO$
00000000   STS$
87e3058c   STS_A_TABBEG
87e3059c   STS_A_TABEND
87e3e6cc   STS_F_add
87e3e6a0   STS_F_delta
87e3e6e8   STS_F_reset
00000001   SWI$
87e45fb4   SWI_A_TABBEG
87e45fe0   SWI_A_TABEND
00000001   SWI_A_TABLEN
87e45b3c   SWI_D_curfxn
87e45b2c   SWI_D_curmask
87e45b38   SWI_D_curmbox
87e45b30   SWI_D_curset
87e45b28   SWI_D_execaddr
87e45b44   SWI_D_inswi
87e45b34   SWI_D_lock
87e45b40   SWI_D_rdybeg
87e45b48   SWI_D_rdytab
87e45b24   SWI_D_runaddr
00000000   SWI_EHOOKFXN
87e3a8e4   SWI_EXECFXN
87e3a700   SWI_F_enable
87e3a8e4   SWI_F_exec
87e3a90c   SWI_F_iexec
87e3a770   SWI_F_post
87e3a98c   SWI_F_run
00000000   SWI_IHOOKFXN
87e3a98c   SWI_RUNFXN
00000001   SYS$
87e45ff0   SYS$config
87e3e8e0   SYS_ABORTFXN
87e3ea40   SYS_ERRORFXN
87e3ea60   SYS_EXITFXN
87e3e7c0   SYS_PUTCFXN
87e44c78   TRC_R_mask
87e44c74   TRC_cinit
00000001   TSK$
00000000   TSK_NUM_HOOKS
00000001   TSK_PRIORITY
00000000   TSK_READYFXN
87e45c5c   TSK_STACKSEG
00000400   TSK_STACKSIZE
00000000   TSK_SWITCHFXN
87e3e920   TSK_VCREATEFXN
87e3e920   TSK_VDELETEFXN
87e3e920   TSK_VEXITFXN
87e3feac   TSK_idle
00000000   TSK_idle$ord
00000000   TSK_idle$pri
87e3faa0   TSK_idle$stack
87e3fe38   TSK_idle$stkptr
00000000   TSK_idle$tsk
00000000   UDEV$
87e3de20   _ATM_andi
87e3de20   _ATM_andu
87e3de30   _ATM_cleari
87e3de30   _ATM_clearu
87e3de40   _ATM_deci
87e3de40   _ATM_decu
87e3de50   _ATM_inci
87e3de50   _ATM_incu
87e3de64   _ATM_ori
87e3de64   _ATM_oru
87e3de74   _ATM_seti
87e3de74   _ATM_setu
87e200a0   _A_ARRAY
87e3ce34   _BCACHE_bootInit
87e3ceb4   _BCACHE_getMar
87e3ce64   _BCACHE_getSize
87e3d670   _BCACHE_inv
87e3e310   _BCACHE_invL1pAll
87e3ce34   _BCACHE_setCacheToSram
87e3cde4   _BCACHE_setMar
87e3cda0   _BCACHE_setSize
87e3e320   _BCACHE_wait
87e3d660   _BCACHE_wb
87e3e300   _BCACHE_wbAll
87e3d64c   _BCACHE_wbInv
87e3e2ec   _BCACHE_wbInvAll
87e44c80   _BIOS_init
87e44ee8   _BIOS_start
87e280a0   _B_ARRAY
87e3e84c   _C62_clearIFR
87e3e820   _C62_disableIER
87e3baa8   _C62_dispatchPlug
87e3e838   _C62_enableIER
87e3baa0   _C62_plug
87e3e84c   _C64_clearIFR
87e3e820   _C64_disableIER
87e3baa8   _C64_dispatchPlug
87e3e838   _C64_enableIER
87e3baa0   _C64_plug
ffffffff   _CACHE_L1D
ffffffff   _CACHE_L1P
ffffffff   _CACHE_L2
00050910   _CLK_COUNTSPMS
87e45c6c   _CLK_DFLTMICROSECS
87e45aa0   _CLK_D_countspms
87e45a94   _CLK_D_dirty
87e45c70   _CLK_D_microseconds
87e45a98   _CLK_D_prd
87e45a9c   _CLK_D_tddr
87e3c520   _CLK_F_itime
00004b00   _CLK_PRD
49038000   _CLK_REGS
00000000   _CLK_TDDR
00000000   _CLK_TIMERNUM
00000001   _CLK_USETIMER
87e3ea80   _CLK_gethtime
49038000   _CLK_gptimer
87e30584   _CLK_gptimer_enablemask
87e45a84   _CLK_htimeDiv
87e45a88   _CLK_htimeMult
87e45c7c   _CLK_htimePerLtime
87e3049c   _CLK_inputClock
87e3c520   _CLK_itime
87e45a8c   _CLK_ltimeDiv
87e45a90   _CLK_ltimeMult
87e3cf0c   _CLK_reconfig
87e3b724   _CLK_start
87e3b6c0   _CLK_stop
87e45c5c   _DDR2
87e00080   _DDR2_base
00020000   _DDR2_length
87e30578   _DSPLINKDATA_ctrlPtr
87e39580   _DSPLINKDATA_init
87e390a0   _DSPLINKIPS_init
ffffffff   _DSPLINKMEM
87e30580   _DSPLINKMQT_ctrlPtr
87e395c0   _DSPLINKMQT_init
87e30298   _DSPLINKPOOL_ctrlPtr
87e39140   _DSPLINKPOOL_init
87e38da0   _DSPLINK_init
87e45f00   _DSPLINK_shmBaseAddress
87e45f08   _DSPLINK_shmBaseAddress_pad
0000000a   _EVENT10
00000064   _EVENT100
00000065   _EVENT101
00000066   _EVENT102
00000067   _EVENT103
00000068   _EVENT104
00000069   _EVENT105
0000006a   _EVENT106
0000006b   _EVENT107
0000006c   _EVENT108
0000006d   _EVENT109
0000000b   _EVENT11
0000006e   _EVENT110
0000006f   _EVENT111
00000070   _EVENT112
00000071   _EVENT113
00000072   _EVENT114
00000073   _EVENT115
00000074   _EVENT116
00000075   _EVENT117
00000076   _EVENT118
00000077   _EVENT119
0000000c   _EVENT12
00000078   _EVENT120
00000079   _EVENT121
0000007a   _EVENT122
0000007b   _EVENT123
0000007c   _EVENT124
0000007d   _EVENT125
0000007e   _EVENT126
0000007f   _EVENT127
0000000d   _EVENT13
0000000e   _EVENT14
0000000f   _EVENT15
00000010   _EVENT16
00000011   _EVENT17
00000012   _EVENT18
00000013   _EVENT19
00000014   _EVENT20
00000015   _EVENT21
00000016   _EVENT22
00000017   _EVENT23
00000018   _EVENT24
00000019   _EVENT25
0000001a   _EVENT26
0000001b   _EVENT27
0000001c   _EVENT28
0000001d   _EVENT29
0000001e   _EVENT30
0000001f   _EVENT31
00000020   _EVENT32
00000021   _EVENT33
00000022   _EVENT34
00000023   _EVENT35
00000024   _EVENT36
00000025   _EVENT37
00000026   _EVENT38
00000027   _EVENT39
00000004   _EVENT4
00000028   _EVENT40
00000029   _EVENT41
0000002a   _EVENT42
0000002b   _EVENT43
0000002c   _EVENT44
0000002d   _EVENT45
0000002e   _EVENT46
0000002f   _EVENT47
00000030   _EVENT48
00000031   _EVENT49
00000005   _EVENT5
00000032   _EVENT50
00000033   _EVENT51
00000034   _EVENT52
00000035   _EVENT53
00000036   _EVENT54
00000037   _EVENT55
00000038   _EVENT56
00000039   _EVENT57
0000003a   _EVENT58
0000003b   _EVENT59
00000006   _EVENT6
0000003c   _EVENT60
0000003d   _EVENT61
0000003e   _EVENT62
0000003f   _EVENT63
00000040   _EVENT64
00000041   _EVENT65
00000042   _EVENT66
00000043   _EVENT67
00000044   _EVENT68
00000045   _EVENT69
00000007   _EVENT7
00000046   _EVENT70
00000047   _EVENT71
00000048   _EVENT72
00000049   _EVENT73
0000004a   _EVENT74
0000004b   _EVENT75
0000004c   _EVENT76
0000004d   _EVENT77
0000004e   _EVENT78
0000004f   _EVENT79
00000008   _EVENT8
00000050   _EVENT80
00000051   _EVENT81
00000052   _EVENT82
00000053   _EVENT83
00000054   _EVENT84
00000055   _EVENT85
00000056   _EVENT86
00000057   _EVENT87
00000058   _EVENT88
00000059   _EVENT89
00000009   _EVENT9
0000005a   _EVENT90
0000005b   _EVENT91
0000005c   _EVENT92
0000005d   _EVENT93
0000005e   _EVENT94
0000005f   _EVENT95
00000060   _EVENT96
00000061   _EVENT97
00000062   _EVENT98
00000063   _EVENT99
87e3a1f0   _EXC_clearLastStatus
87e3bc80   _EXC_dispatch
87e3a074   _EXC_exceptionHandler
87e45c40   _EXC_exceptionHook
87e3a040   _EXC_external
87e45c48   _EXC_externalHook
87e3a020   _EXC_getLastStatus
87e39fe0   _EXC_init
87e39d34   _EXC_internal
87e45c44   _EXC_internalHook
87e39d00   _EXC_nmi
87e45c4c   _EXC_nmiHook
87e45c10   _EXC_returnPtr
87e3be44   _EXC_setReturnPtr
87e30504   _EXC_status
87e45c08   _EXC_sysTrapTable
87e3e920   _FXN_F_nop
87e3e464   _FXN_F_run
87e3e4a0   _FXN_F_zero
00000000   _GBL_CACHE
87e3d084   _GBL_cacheInit64P
87e45afc   _GBL_clkIn
87e45b00   _GBL_freq
87e3e940   _GBL_getVersion
87e45af8   _GBL_procId
87e39668   _HAL_exit
87e39640   _HAL_init
87e389f8   _HAL_intClear
87e389cc   _HAL_intDisable
87e389a0   _HAL_intEnable
87e38500   _HAL_intInit
87e383e0   _HAL_intRegister
87e38990   _HAL_intSend
87e38920   _HAL_intWaitClear
87e3e960   _HOOK_setenv
87e00080   _HST_A_TABBEG
87e00080   _HST_A_TABEND
87e30524   _HWI_ATTRS
00004000   _HWI_CFGDISPATCHED
87e45c34   _HWI_D_inhwi
87e45c28   _HWI_D_spsave
87e3a220   _HWI_F_dispatch
0000000a   _HWI_INT10
0000000b   _HWI_INT11
0000000c   _HWI_INT12
0000000d   _HWI_INT13
0000000e   _HWI_INT14
0000000f   _HWI_INT15
00000004   _HWI_INT4
00000005   _HWI_INT5
00000006   _HWI_INT6
00000007   _HWI_INT7
00000008   _HWI_INT8
00000009   _HWI_INT9
00000001   _HWI_NMI
00000002   _HWI_RESERVED0
00000003   _HWI_RESERVED1
00000000   _HWI_RESET
87e3fa98   _HWI_STKBOTTOM
87e3eaa0   _HWI_STKTOP
87e45c28   _HWI_data
87e3e4c0   _HWI_disable
87e3dea0   _HWI_dispatchPlug
87e45958   _HWI_dispatchTab
87e3e4d8   _HWI_enable
87e3df20   _HWI_eventMap
87e3e4ec   _HWI_restore
87e3e980   _IDL_loop
87e34fd8   _IPS_clearReserved
87e34f24   _IPS_exit
87e34dc0   _IPS_init
87e34838   _IPS_isNotReserved
87e34bb4   _IPS_notify
87e34860   _IPS_register
87e34810   _IPS_setReserved
87e34460   _IPS_unregister
ffffffff   _IRAM
87e45bc8   _KNL_alarm
87e3d140   _KNL_check
87e45bec   _KNL_curqueue
87e45bdc   _KNL_curtask
87e45be4   _KNL_curtime
87e30260   _KNL_dummy
87e3d880   _KNL_enter
87e3d840   _KNL_exit
87e3d208   _KNL_idle
87e45c04   _KNL_idlefxn
87e45bd0   _KNL_inactive
87e3dfa0   _KNL_ipost
87e3d230   _KNL_max
87e45bf0   _KNL_maxqueue
87e3e020   _KNL_post
87e45be0   _KNL_prevtask
87e45bd4   _KNL_priority
87e301c0   _KNL_queues
87e3c9e0   _KNL_ready
87e3b280   _KNL_run
87e3c720   _KNL_saveIsrFrame
87e45bd8   _KNL_set
87e45bcc   _KNL_setpri
87e3d9c0   _KNL_start
87e45fb4   _KNL_swi
87e45be8   _KNL_swiptr
87e3c7cc   _KNL_switch
87e45bf8   _KNL_tcreatefxn
87e45bfc   _KNL_tdeletefxn
87e3c02c   _KNL_tick
87e45c00   _KNL_treadyfxn
87e45bf4   _KNL_tswitchfxn
87e45bc0   _KNL_wFlag
87e45bc4   _KNL_wList
ffffffff   _L1DSRAM
87e3e0c0   _LCK_pend
87e3e0a0   _LCK_post
87e45f84   _LOG_A_TABBEG
87e45fb4   _LOG_A_TABEND
00000002   _LOG_A_TABLEN
87e45a64   _LOG_D_system
87e3e120   _LOG_event
87e3e9a0   _LOG_printf
87e45f84   _LOG_system
87e45c84   _MEM
87e45b04   _MEM_D_NUMSEGMENTS
87e45b0c   _MEM_D_freelist
87e45b10   _MEM_D_lockaddr
87e45b08   _MEM_D_memtab
87e45b14   _MEM_D_unlockaddr
87e3b8c0   _MEM_alloc
87e3c040   _MEM_free
87e452c0   _MEM_init
87e45c50   _MEM_memtab
87e3e3a0   _MEM_valloc
87e34394   _MPCS_close
87e33e44   _MPCS_create
87e3054c   _MPCS_csObj
87e30548   _MPCS_ctrlPtr
87e33980   _MPCS_delete
87e3378c   _MPCS_enter
87e37ad4   _MPCS_exit
87e37954   _MPCS_init
87e33660   _MPCS_leave
87e33600   _MPCS_open
87e30550   _MPLIST_ctrlPtr
87e38360   _MPLIST_exit
87e381e0   _MPLIST_init
87e30554   _MPLIST_mpcsObj
87e45c88   _MSGQ
87e458b8   _MSGQ_ATTRS
87e458c8   _MSGQ_LOCATEASYNCATTRS
87e458c4   _MSGQ_LOCATEATTRS
87e3d900   _MSGQ_alloc
87e3da60   _MSGQ_close
87e30368   _MSGQ_config
87e3e860   _MSGQ_free
87e3db00   _MSGQ_get
87e44fa0   _MSGQ_init
87e3d380   _MSGQ_locate
87e3d680   _MSGQ_locateLocal
87e3cb20   _MSGQ_open
87e3dba0   _MSGQ_put
87e3e520   _MSGQ_release
87e3e9c0   _MSGQ_setErrorHandler
87e3d480   _MSGQ_startup
87e30558   _NOTIFY_ctrlPtr
87e38fe0   _NOTIFY_init
87e38794   _NOTIFY_notify
87e3055c   _NOTIFY_numIps
87e38734   _NOTIFY_register
87e386e0   _NOTIFY_unregister
87e3e1a0   _OBJ_create
87e3e580   _OBJ_delete
87e453c0   _OBJ_init
87e30430   _OBJ_segtab
87e303f8   _OBJ_table
87e00080   _PIP_A_TABBEG
87e00080   _PIP_A_TABEND
87e45c8c   _POOL
ffffffff   _POOLMEM
87e30390   _POOL_config
87e450e0   _POOL_init
87e36684   _POOL_open
87e45aa4   _PRD_D_tick
87e46200   _PRD_clock
87e3e8a0   _QUE_get
87e3e8c8   _QUE_put
ffffffff   _RESET_VECTOR
87e30560   _RingIO_ctrlPtr
87e33558   _RingIO_exit
87e333d8   _RingIO_init
87e30564   _RingIO_mpcsObj
87e3e640   _SEM_pend
87e3e5e0   _SEM_pendBinary
87e3b4c0   _SEM_pendEnterKnl
87e3d760   _SEM_post
87e3d760   _SEM_postBinary
87e3dc40   _SEM_postEnterKnl
87e38a34   _SHMDRV_handshake
87e38a20   _SHMDRV_init
87e4592c   _SMAPOOL_FXNS
87e36fec   _SMAPOOL_alloc
87e36df0   _SMAPOOL_free
87e36dd8   _SMAPOOL_init
87e36ca0   _SMAPOOL_open
87e3058c   _STS_A_TABBEG
87e3059c   _STS_A_TABEND
87e3e6cc   _STS_add
87e3e6a0   _STS_delta
87e3e6e8   _STS_reset
87e3e9e0   _STS_set
87e304d8   _SWI_ATTRS
87e45b3c   _SWI_D_curfxn
87e45b2c   _SWI_D_curmask
87e45b30   _SWI_D_curset
87e45b28   _SWI_D_execaddr
87e45b44   _SWI_D_inswi
87e45b34   _SWI_D_lock
87e45b40   _SWI_D_rdybeg
87e45b24   _SWI_D_runaddr
87e3e220   _SWI_create
87e45b24   _SWI_data
87e3ea00   _SWI_delete
87e3e700   _SWI_disable
87e3e724   _SWI_enable
87e3a770   _SWI_post
87e3dce0   _SWI_setattrs
87e45b18   _SYS
87e45c98   _SYS_PUTCBEG
87e45e97   _SYS_PUTCEND
87e3e760   _SYS_abort
87e3e400   _SYS_error
87e3dd80   _SYS_exit
87e304a0   _SYS_exitStack
87e45c74   _SYS_exitStackPtr
87e45c78   _SYS_exitStackTop
87e3ea28   _SYS_one
87e39cb0   _SYS_printf
87e39c84   _SYS_sprintf
87e39c74   _SYS_vprintf
87e39840   _SYS_vsprintf
87e3ea20   _SYS_zero
87e3031a   _SamplePoolParams
87e44c78   _TRC_R_mask
87e45c68   _TSK
87e358ec   _TSKMESSAGE_create
87e357e0   _TSKMESSAGE_delete
87e351a0   _TSKMESSAGE_execute
87e30398   _TSK_ATTRS
87e303b4   _TSK_config
87e3af40   _TSK_create
87e3cc60   _TSK_exit
87e3feac   _TSK_idle
87e45360   _TSK_init
87e45c60   _TSK_nTasks
87e45c64   _TSK_pid
87e3c580   _TSK_setup
87e3d304   _TSK_startup
87e303d4   _TSK_timerSem
87e3e8e0   _UTL_doAbort
87e3ea40   _UTL_doError
87e3e7c0   _UTL_doPutc
87e3ea60   _UTL_halt
87e304c0   _ZCPYMQT_FXNS
87e39680   _ZCPYMQT_init
87e303f4   __BCACHE_emifAddr
87e3053c   __BCACHE_readTable
87e3c53c   __CLK_lat1beg
87e3c560   __CLK_lat1end
87e36180   __DSPLINK_init
87e45b20   __HOOK_NUMHOOKS
87e45b1c   __HOOK_knlId
87e3a220   __HWI_lat1beg
87e3a3a8   __HWI_lat1end
87e3a3a8   __HWI_lat2beg
87e3a584   __HWI_lat2end1
87e3a510   __HWI_lat2end2
87e3a5a0   __HWI_lat3beg
87e3a540   __HWI_lat3end2
87e3d18c   __KNL_lat1beg
87e3d208   __KNL_lat1end
87e3e120   __LOG_lat1beg
87e30474   __MEM_mutex
87e376e0   __MPCS_open
48004000   __PWRM_CM_BASEADDR
5d000000   __PWRM_IVAMMU_BASEADDR
48306000   __PWRM_PRM_BASEADDR
48002000   __PWRM_SCM_BASEADDR
00000000   __PWRM_TIMERBASEADDR
00000020   __PWRM_TIMERINPUTCLK
00000000   __PWRM_TIMERINTRMASK
0000000a   __PWRM_TIMERPERIOD
00000000   __PWRM_USETIMER
87e3e8a0   __QUE_lat1beg
87e3e8c0   __QUE_lat1end
87e3e8c8   __QUE_lat2beg
87e3e8d4   __QUE_lat2end
87e331cc   __RingIO_callNotifier
87e330e8   __RingIO_checkNotifier
87e32b94   __RingIO_getContiguousDataSize
87e31b80   __RingIO_getFirstAcquiredAttr
87e30854   __RingIO_getFirstAttr
87e30dc4   __RingIO_initInstance
87e31c30   __RingIO_invalidateDataBuffer
87e32cb0   __RingIO_readerAcquire
87e329e8   __RingIO_readerCancel
87e324d0   __RingIO_readerFlush
87e32108   __RingIO_readerGetvAttribute
87e31d0c   __RingIO_readerRelease
87e30954   __RingIO_releaseAttribute
87e31388   __RingIO_updateAttributes
87e31944   __RingIO_writerAcquire
87e31558   __RingIO_writerCancel
87e30e84   __RingIO_writerFlush
87e30a38   __RingIO_writerRelease
87e305a0   __RingIO_writerSetvAttribute
87e3c200   __SEM_dopost
00001000   __STACK_SIZE
87e3a878   __SWI_lat1beg
87e3a924   __SWI_lat1end
87e3a928   __SWI_lat2beg
87e3a988   __SWI_lat2end
87e3a700   __SWI_lat3beg
87e3a76c   __SWI_lat3end
87e3044c   __TSK_mutex
ffffffff   ___TI_pprof_out_hndl
ffffffff   ___TI_prof_data_size
ffffffff   ___TI_prof_data_start
ffffffff   ___binit__
87e45958   ___bss__
ffffffff   ___c_args__
87e44000   ___cinit__
87e00080   ___data__
87e00080   ___edata__
87e45c96   ___end__
87e39740   ___etext__
ffffffff   ___pinit__
87e305a0   ___text__
87e3c8a0   __auto_init
87e38b00   __cmpd
87e393c0   __cmpf
87e45578   __ctypes_
87e394c0   __cvtfd
87e371e0   __divf
87e38e60   __divu
87e39440   __fixfu
87e39600   __fltuf
87e39520   __frcmpyf
87e391e0   __frcmpyf_div
87e30568   __lock
87e37fe0   __mpyf
87e396e0   __nop
87e39700   __register_lock
87e39720   __register_unlock
87e39280   __remu
87e3eaa0   __stack
87e3056c   __unlock
87e38be0   _atoi
87e45200   _c_int00
87e20080   _dspMsgQName
87e38864   _main
87e39320   _memcpy
87e38cc0   _memset
87e30318   _mqtParams
87e30588   _numTransfers
87e45f9c   _trace
87e30340   _transports
ffffffff   binit
87e44000   cinit
87e00080   edata
87e45c96   end
87e39740   etext
87e46000   hwi0
87e46020   hwi1
87e46140   hwi10
87e46160   hwi11
87e46180   hwi12
87e461a0   hwi13
87e461c0   hwi14
87e461e0   hwi15
87e46040   hwi2
87e46060   hwi3
87e46080   hwi4
87e460a0   hwi5
87e460c0   hwi6
87e460e0   hwi7
87e46100   hwi8
87e46120   hwi9
ffffffff   pinit
87e45f9c   trace
87e40000   trace$buf
00000001   trace$datatype
00000000   trace$log
00001000   trace$size


GLOBAL SYMBOLS: SORTED BY Symbol Address 

address    name
--------   ----
00000000   BUF$
00000000   CLK_PRDHIGH
00000000   CLK_RESETTIMER
00000000   CLK_TDDR
00000000   CLK_TDDRHIGH
00000000   CLK_TIMERNUM
00000000   DEV$
00000000   DGN$
00000000   DHL$
00000000   DHL_gChannelsAvailable
00000000   DIO$
00000000   DIO_NUMSWIBASE
00000000   DIO_NUMTSKBASE
00000000   DIO_STATIC
00000000   DPI$
00000000   ECM$
00000000   ECM_ENABLE
00000000   GBL_BCACHEREADADDR0
00000000   GBL_BCACHEREADADDR1
00000000   GBL_BCACHEREADADDR2
00000000   GBL_BIGENDIAN
00000000   GBL_CACHE
00000000   GBL_CALLCSLCFGINIT
00000000   GBL_ENABLEINST
00000000   GBL_ENABLE_SK
00000000   GBL_GEMTRUECOMPEN
00000000   GBL_L2MAR0_31
00000000   GBL_L2MAR160_191
00000000   GBL_L2MAR192_223
00000000   GBL_L2MAR224_255
00000000   GBL_L2MAR32_63
00000000   GBL_L2MAR64_95
00000000   GBL_L2MAR96_127
00000000   GBL_NULL
00000000   GBL_PROCID
00000000   GBL_ROM
00000000   GBL_SUPPORTCSL
00000000   GBL_USERINIT
00000000   GIO$
00000000   HOOK$
00000000   HOOK_KNLID
00000000   HST$
00000000   HST_DSM
00000000   HST_MAXFRAMESET
00000000   HST_RTDX
00000000   HWI_GENERATE_RESET_VEC
00000000   HWI_INT10$hwi
00000000   HWI_INT11$hwi
00000000   HWI_INT12$hwi
00000000   HWI_INT13$hwi
00000000   HWI_INT14$hwi
00000000   HWI_INT15$hwi
00000000   HWI_INT4$hwi
00000000   HWI_INT5$hwi
00000000   HWI_INT6$hwi
00000000   HWI_INT7$hwi
00000000   HWI_INT8$hwi
00000000   HWI_INT9$hwi
00000000   HWI_NMI$hwi
00000000   HWI_POLARITYMASK
00000000   HWI_RESERVED0$hwi
00000000   HWI_RESERVED1$hwi
00000000   HWI_RESET
00000000   HWI_RESET$hwi
00000000   HWI_ZEROTAB
00000000   IDL$
00000000   IDL_CALIBRERROR
00000000   IDL_CALIBRFXN
00000000   IDL_USECLKIDLTIME
00000000   KNL_swi$ord
00000000   KNL_swi$pri
00000000   KNL_swi$sts$unittype
00000000   KNL_swi$swi
00000000   LOG_system$datatype
00000000   LOG_system$log
00000000   MBX$
00000000   MEM_NULL
00000000   MEM_USEMPC
00000000   OBJ$
00000000   PIP$
00000000   PIP_A_TABLEN
00000000   PIP_gNextId
00000000   PIP_gNumEmbed
00000000   PRD_A_TABLEN
00000000   PRD_SWIHANDLE
00000000   PWRM_PWRM_CAPSMASK
00000000   PWRM_PWRM_ENABLE
00000000   PWRM_PWRM_LOADENABLE
00000000   PWRM_PWRM_RESOURCETRACKING
00000000   PWRM_PWRM_SCALING
00000000   PWRM_PWRM_TIMERIDNUM
00000000   PWRM_PWRM_TIMERINTRMASK
00000000   PWRM_PWRM_TIMERWUGENMASK
00000000   PWRM_PWRM_USERRESOURCES
00000000   PWRM_PWRM_USETIMER
00000000   RTDX$
00000000   RTDX_MODE
00000000   RTDX_USERTDX
00000000   RTDX_USERTEXECUTION
00000000   SEM$
00000000   SIO$
00000000   STS$
00000000   SWI_EHOOKFXN
00000000   SWI_IHOOKFXN
00000000   TSK_NUM_HOOKS
00000000   TSK_READYFXN
00000000   TSK_SWITCHFXN
00000000   TSK_idle$ord
00000000   TSK_idle$pri
00000000   TSK_idle$tsk
00000000   UDEV$
00000000   _CLK_TDDR
00000000   _CLK_TIMERNUM
00000000   _GBL_CACHE
00000000   _HWI_RESET
00000000   __PWRM_TIMERBASEADDR
00000000   __PWRM_TIMERINTRMASK
00000000   __PWRM_USETIMER
00000000   trace$log
00000001   BUF_ENABLED
00000001   CLK$
00000001   CLK_CALDIV
00000001   CLK_CALMULT
00000001   CLK_ENABLEHTIME
00000001   CLK_HTIMEDIV
00000001   CLK_HTIMEMULT
00000001   CLK_LTIMEDIV
00000001   CLK_USETIMER
00000001   GBL$
00000001   GBL_L2CONFIGURE
00000001   GBL_L2MODE
00000001   GBL_boot
00000001   HST_NONE
00000001   HWI$
00000001   HWI_ENABLE_EXC
00000001   HWI_NMI
00000001   ISRC$
00000001   KNL_swi$dorta
00000001   KNL_swi$sts$filtmaxmult
00000001   KNL_swi$sts$filtsummult
00000001   LCK$
00000001   LOG$
00000001   LOG_ENABLED
00000001   MEM$
00000001   MEM_gNumHeap
00000001   MSGQ$
00000001   MSGQ_USEMSGQ
00000001   POOL$
00000001   POOL_USEPOOL
00000001   PRD$
00000001   PRD_SCALAR
00000001   PWRM$
00000001   PWRM_PWRM_NUMSLOTS
00000001   QUE$
00000001   SWI$
00000001   SWI_A_TABLEN
00000001   SYS$
00000001   TSK$
00000001   TSK_PRIORITY
00000001   _CLK_USETIMER
00000001   _HWI_NMI
00000001   trace$datatype
00000002   HWI_RESERVED0
00000002   KNL_swi$sts$filter
00000002   LOG_A_TABLEN
00000002   _HWI_RESERVED0
00000002   _LOG_A_TABLEN
00000003   GBL_L1PMODE
00000003   HWI_RESERVED1
00000003   _HWI_RESERVED1
00000004   EVENT4
00000004   HWI_INT4
00000004   _EVENT4
00000004   _HWI_INT4
00000005   CLK_COUNTSPMSHIGH
00000005   CLK_TIMMODE
00000005   EVENT5
00000005   HWI_INT5
00000005   _EVENT5
00000005   _HWI_INT5
00000006   EVENT6
00000006   HWI_INT6
00000006   _EVENT6
00000006   _HWI_INT6
00000007   EVENT7
00000007   GBL_L1DMODE
00000007   HWI_INT7
00000007   _EVENT7
00000007   _HWI_INT7
00000008   EVENT8
00000008   HWI_INT8
00000008   _EVENT8
00000008   _HWI_INT8
00000009   EVENT9
00000009   HWI_INT9
00000009   _EVENT9
00000009   _HWI_INT9
0000000a   EVENT10
0000000a   HWI_INT10
0000000a   PWRM_PWRM_CLKTICKSPERSLOT
0000000a   _EVENT10
0000000a   _HWI_INT10
0000000a   __PWRM_TIMERPERIOD
0000000b   EVENT11
0000000b   HWI_INT11
0000000b   _EVENT11
0000000b   _HWI_INT11
0000000c   EVENT12
0000000c   HWI_INT12
0000000c   _EVENT12
0000000c   _HWI_INT12
0000000d   EVENT13
0000000d   HWI_INT13
0000000d   _EVENT13
0000000d   _HWI_INT13
0000000e   EVENT14
0000000e   HWI_INT14
0000000e   _EVENT14
0000000e   _HWI_INT14
0000000f   EVENT15
0000000f   HWI_INT15
0000000f   _EVENT15
0000000f   _HWI_INT15
00000010   EVENT16
00000010   _EVENT16
00000011   EVENT17
00000011   _EVENT17
00000012   EVENT18
00000012   _EVENT18
00000013   EVENT19
00000013   _EVENT19
00000014   EVENT20
00000014   _EVENT20
00000015   EVENT21
00000015   _EVENT21
00000016   EVENT22
00000016   _EVENT22
00000017   EVENT23
00000017   _EVENT23
00000018   EVENT24
00000018   _EVENT24
00000019   EVENT25
00000019   _EVENT25
0000001a   EVENT26
0000001a   _EVENT26
0000001b   EVENT27
0000001b   _EVENT27
0000001c   EVENT28
0000001c   _EVENT28
0000001d   EVENT29
0000001d   _EVENT29
0000001e   EVENT30
0000001e   _EVENT30
0000001f   EVENT31
0000001f   _EVENT31
00000020   CLK_TCR
00000020   EVENT32
00000020   _EVENT32
00000020   __PWRM_TIMERINPUTCLK
00000021   EVENT33
00000021   _EVENT33
00000022   EVENT34
00000022   _EVENT34
00000023   EVENT35
00000023   _EVENT35
00000024   EVENT36
00000024   _EVENT36
00000025   EVENT37
00000025   _EVENT37
00000026   EVENT38
00000026   _EVENT38
00000027   EVENT39
00000027   _EVENT39
00000028   EVENT40
00000028   _EVENT40
00000029   EVENT41
00000029   _EVENT41
0000002a   EVENT42
0000002a   _EVENT42
0000002b   EVENT43
0000002b   _EVENT43
0000002c   EVENT44
0000002c   _EVENT44
0000002d   EVENT45
0000002d   _EVENT45
0000002e   EVENT46
0000002e   _EVENT46
0000002f   EVENT47
0000002f   _EVENT47
00000030   EVENT48
00000030   _EVENT48
00000031   EVENT49
00000031   _EVENT49
00000032   EVENT50
00000032   _EVENT50
00000033   EVENT51
00000033   _EVENT51
00000034   EVENT52
00000034   _EVENT52
00000035   EVENT53
00000035   _EVENT53
00000036   EVENT54
00000036   _EVENT54
00000037   EVENT55
00000037   _EVENT55
00000038   EVENT56
00000038   _EVENT56
00000039   EVENT57
00000039   _EVENT57
0000003a   EVENT58
0000003a   _EVENT58
0000003b   EVENT59
0000003b   _EVENT59
0000003c   EVENT60
0000003c   _EVENT60
0000003d   EVENT61
0000003d   _EVENT61
0000003e   EVENT62
0000003e   GBL_DSPTYPE
0000003e   _EVENT62
0000003f   EVENT63
0000003f   _EVENT63
00000040   EVENT64
00000040   LOG_system$size
00000040   _EVENT64
00000041   EVENT65
00000041   _EVENT65
00000042   EVENT66
00000042   GBL_FOOTPRINT
00000042   _EVENT66
00000043   EVENT67
00000043   _EVENT67
00000044   EVENT68
00000044   _EVENT68
00000045   EVENT69
00000045   _EVENT69
00000046   EVENT70
00000046   _EVENT70
00000047   EVENT71
00000047   _EVENT71
00000048   EVENT72
00000048   _EVENT72
00000049   EVENT73
00000049   _EVENT73
0000004a   EVENT74
0000004a   _EVENT74
0000004b   EVENT75
0000004b   _EVENT75
0000004c   EVENT76
0000004c   _EVENT76
0000004d   EVENT77
0000004d   _EVENT77
0000004e   EVENT78
0000004e   _EVENT78
0000004f   EVENT79
0000004f   _EVENT79
00000050   EVENT80
00000050   _EVENT80
00000051   EVENT81
00000051   _EVENT81
00000052   EVENT82
00000052   _EVENT82
00000053   EVENT83
00000053   _EVENT83
00000054   EVENT84
00000054   _EVENT84
00000055   EVENT85
00000055   _EVENT85
00000056   EVENT86
00000056   _EVENT86
00000057   EVENT87
00000057   _EVENT87
00000058   EVENT88
00000058   _EVENT88
00000059   EVENT89
00000059   _EVENT89
0000005a   EVENT90
0000005a   _EVENT90
0000005b   EVENT91
0000005b   _EVENT91
0000005c   EVENT92
0000005c   _EVENT92
0000005d   EVENT93
0000005d   _EVENT93
0000005e   EVENT94
0000005e   _EVENT94
0000005f   EVENT95
0000005f   _EVENT95
00000060   EVENT96
00000060   _EVENT96
00000061   EVENT97
00000061   _EVENT97
00000062   EVENT98
00000062   _EVENT98
00000063   EVENT99
00000063   _EVENT99
00000064   EVENT100
00000064   PIP_OBJSIZE
00000064   _EVENT100
00000065   EVENT101
00000065   _EVENT101
00000066   EVENT102
00000066   _EVENT102
00000067   EVENT103
00000067   _EVENT103
00000068   EVENT104
00000068   _EVENT104
00000069   EVENT105
00000069   _EVENT105
0000006a   EVENT106
0000006a   _EVENT106
0000006b   EVENT107
0000006b   _EVENT107
0000006c   EVENT108
0000006c   _EVENT108
0000006d   EVENT109
0000006d   _EVENT109
0000006e   EVENT110
0000006e   _EVENT110
0000006f   EVENT111
0000006f   _EVENT111
00000070   EVENT112
00000070   _EVENT112
00000071   EVENT113
00000071   _EVENT113
00000072   EVENT114
00000072   _EVENT114
00000073   EVENT115
00000073   _EVENT115
00000074   EVENT116
00000074   _EVENT116
00000075   EVENT117
00000075   _EVENT117
00000076   EVENT118
00000076   _EVENT118
00000077   EVENT119
00000077   _EVENT119
00000078   EVENT120
00000078   _EVENT120
00000079   EVENT121
00000079   _EVENT121
0000007a   EVENT122
0000007a   _EVENT122
0000007b   EVENT123
0000007b   _EVENT123
0000007c   EVENT124
0000007c   _EVENT124
0000007d   EVENT125
0000007d   _EVENT125
0000007e   EVENT126
0000007e   _EVENT126
0000007f   EVENT127
0000007f   _EVENT127
00000080   GBL_L2MAR128_159
00000100   HST_MAXFRAMEALLOWED
000003e8   CLK_MICROSECS
00000400   HST_DSMMEMSIZE
00000400   TSK_STACKSIZE
00000408   RTDX_BUFMEMSIZE
00000d66   GBL_CLKTYPE
00001000   __STACK_SIZE
00001000   trace$size
00001963   GBL_DSPSUBTYPE
00004000   CLK_INTBIT
00004000   GBL_TRCMASKVALUE
00004000   HWI_CFGDISPATCHED
00004000   _HWI_CFGDISPATCHED
00004b00   CLK_INPUTCLK
00004b00   CLK_PRD
00004b00   _CLK_PRD
00004e20   GBL_CLKIN
00005205   GBL_A_VERSION
00020000   DDR2$L
00020000   _DDR2_length
00050910   CLK_COUNTSPMS
00050910   CLK_HTIMEPERLTIME
00050910   CLK_LTIMEMULT
00050910   GBL_FREQ
00050910   _CLK_COUNTSPMS
07060504   HWI_INTRMUX1
0a0a0908   HWI_INTRMUX2
34330d0b   HWI_INTRMUX3
48002000   __PWRM_SCM_BASEADDR
48004000   __PWRM_CM_BASEADDR
48306000   __PWRM_PRM_BASEADDR
49038000   CLK_REGS
49038000   _CLK_REGS
49038000   _CLK_gptimer
5d000000   __PWRM_IVAMMU_BASEADDR
87e00080   .data
87e00080   DDR2$B
87e00080   HST_A_TABBEG
87e00080   HST_A_TABEND
87e00080   PIP_A_TABBEG
87e00080   PIP_A_TABEND
87e00080   PRD_A_TABBEG
87e00080   PRD_A_TABEND
87e00080   _DDR2_base
87e00080   _HST_A_TABBEG
87e00080   _HST_A_TABEND
87e00080   _PIP_A_TABBEG
87e00080   _PIP_A_TABEND
87e00080   ___data__
87e00080   ___edata__
87e00080   edata
87e20080   _dspMsgQName
87e200a0   _A_ARRAY
87e280a0   _B_ARRAY
87e301c0   _KNL_queues
87e30260   _KNL_dummy
87e30298   _DSPLINKPOOL_ctrlPtr
87e30318   _mqtParams
87e3031a   _SamplePoolParams
87e30340   _transports
87e30368   _MSGQ_config
87e30390   _POOL_config
87e30398   _TSK_ATTRS
87e303b4   _TSK_config
87e303d4   _TSK_timerSem
87e303f4   __BCACHE_emifAddr
87e303f8   _OBJ_table
87e30430   _OBJ_segtab
87e3044c   __TSK_mutex
87e30474   __MEM_mutex
87e3049c   _CLK_inputClock
87e304a0   _SYS_exitStack
87e304c0   _ZCPYMQT_FXNS
87e304d8   _SWI_ATTRS
87e30504   _EXC_status
87e30524   _HWI_ATTRS
87e3053c   __BCACHE_readTable
87e30548   _MPCS_ctrlPtr
87e3054c   _MPCS_csObj
87e30550   _MPLIST_ctrlPtr
87e30554   _MPLIST_mpcsObj
87e30558   _NOTIFY_ctrlPtr
87e3055c   _NOTIFY_numIps
87e30560   _RingIO_ctrlPtr
87e30564   _RingIO_mpcsObj
87e30568   __lock
87e3056c   __unlock
87e30578   _DSPLINKDATA_ctrlPtr
87e30580   _DSPLINKMQT_ctrlPtr
87e30584   _CLK_gptimer_enablemask
87e30588   _numTransfers
87e3058c   KNL_swi$sts$stsobj
87e3058c   STS_A_TABBEG
87e3058c   _STS_A_TABBEG
87e30590   KNL_swi$sts
87e3059c   IDL_A_TABBEG
87e3059c   IDL_END
87e3059c   STS_A_TABEND
87e3059c   _STS_A_TABEND
87e305a0   .text
87e305a0   __RingIO_writerSetvAttribute
87e305a0   ___text__
87e30854   __RingIO_getFirstAttr
87e30954   __RingIO_releaseAttribute
87e30a38   __RingIO_writerRelease
87e30dc4   __RingIO_initInstance
87e30e84   __RingIO_writerFlush
87e31388   __RingIO_updateAttributes
87e31558   __RingIO_writerCancel
87e31944   __RingIO_writerAcquire
87e31b80   __RingIO_getFirstAcquiredAttr
87e31c30   __RingIO_invalidateDataBuffer
87e31d0c   __RingIO_readerRelease
87e32108   __RingIO_readerGetvAttribute
87e324d0   __RingIO_readerFlush
87e329e8   __RingIO_readerCancel
87e32b94   __RingIO_getContiguousDataSize
87e32cb0   __RingIO_readerAcquire
87e330e8   __RingIO_checkNotifier
87e331cc   __RingIO_callNotifier
87e333d8   _RingIO_init
87e33558   _RingIO_exit
87e33600   _MPCS_open
87e33660   _MPCS_leave
87e3378c   _MPCS_enter
87e33980   _MPCS_delete
87e33e44   _MPCS_create
87e34394   _MPCS_close
87e34460   _IPS_unregister
87e34810   _IPS_setReserved
87e34838   _IPS_isNotReserved
87e34860   _IPS_register
87e34bb4   _IPS_notify
87e34dc0   _IPS_init
87e34f24   _IPS_exit
87e34fd8   _IPS_clearReserved
87e351a0   _TSKMESSAGE_execute
87e357e0   _TSKMESSAGE_delete
87e358ec   _TSKMESSAGE_create
87e36180   __DSPLINK_init
87e36684   _POOL_open
87e36ca0   _SMAPOOL_open
87e36dd8   _SMAPOOL_init
87e36df0   _SMAPOOL_free
87e36fec   _SMAPOOL_alloc
87e371e0   __divf
87e376e0   __MPCS_open
87e37954   _MPCS_init
87e37ad4   _MPCS_exit
87e37fe0   __mpyf
87e381e0   _MPLIST_init
87e38360   _MPLIST_exit
87e383e0   _HAL_intRegister
87e38500   _HAL_intInit
87e386e0   _NOTIFY_unregister
87e38734   _NOTIFY_register
87e38794   _NOTIFY_notify
87e38864   _main
87e38920   _HAL_intWaitClear
87e38990   _HAL_intSend
87e389a0   _HAL_intEnable
87e389cc   _HAL_intDisable
87e389f8   _HAL_intClear
87e38a20   _SHMDRV_init
87e38a34   _SHMDRV_handshake
87e38b00   __cmpd
87e38be0   _atoi
87e38cc0   _memset
87e38da0   _DSPLINK_init
87e38e60   __divu
87e38fe0   _NOTIFY_init
87e390a0   _DSPLINKIPS_init
87e39140   _DSPLINKPOOL_init
87e391e0   __frcmpyf_div
87e39280   __remu
87e39320   _memcpy
87e393c0   __cmpf
87e39440   __fixfu
87e394c0   __cvtfd
87e39520   __frcmpyf
87e39580   _DSPLINKDATA_init
87e395c0   _DSPLINKMQT_init
87e39600   __fltuf
87e39640   _HAL_init
87e39668   _HAL_exit
87e39680   _ZCPYMQT_init
87e396e0   __nop
87e39700   __register_lock
87e39720   __register_unlock
87e39740   ___etext__
87e39740   etext
87e39840   _SYS_vsprintf
87e39c74   _SYS_vprintf
87e39c84   _SYS_sprintf
87e39cb0   _SYS_printf
87e39d00   _EXC_nmi
87e39d34   _EXC_internal
87e39fe0   _EXC_init
87e3a020   _EXC_getLastStatus
87e3a040   _EXC_external
87e3a074   _EXC_exceptionHandler
87e3a1f0   _EXC_clearLastStatus
87e3a220   CLK_HOOKFXN
87e3a220   HWI_F_dispatch
87e3a220   _HWI_F_dispatch
87e3a220   __HWI_lat1beg
87e3a3a8   __HWI_lat1end
87e3a3a8   __HWI_lat2beg
87e3a510   __HWI_lat2end2
87e3a540   __HWI_lat3end2
87e3a584   __HWI_lat2end1
87e3a5a0   __HWI_lat3beg
87e3a700   SWI_F_enable
87e3a700   __SWI_lat3beg
87e3a76c   __SWI_lat3end
87e3a770   SWI_F_post
87e3a770   _SWI_post
87e3a878   __SWI_lat1beg
87e3a8e4   SWI_EXECFXN
87e3a8e4   SWI_F_exec
87e3a90c   SWI_F_iexec
87e3a924   __SWI_lat1end
87e3a928   __SWI_lat2beg
87e3a988   __SWI_lat2end
87e3a98c   SWI_F_run
87e3a98c   SWI_RUNFXN
87e3abc0   PRD_F_swi
87e3ae44   PRD_F_tick
87e3af40   _TSK_create
87e3b280   _KNL_run
87e3b4c0   _SEM_pendEnterKnl
87e3b6c0   _CLK_stop
87e3b724   _CLK_start
87e3b8c0   _MEM_alloc
87e3baa0   _C62_plug
87e3baa0   _C64_plug
87e3baa8   _C62_dispatchPlug
87e3baa8   _C64_dispatchPlug
87e3bc80   _EXC_dispatch
87e3be44   _EXC_setReturnPtr
87e3c02c   PRD_THOOKFXN
87e3c02c   _KNL_tick
87e3c040   _MEM_free
87e3c200   __SEM_dopost
87e3c3c0   CLK_F_getltime
87e3c3d0   CLK_F_isr
87e3c520   CLK_F_itime
87e3c520   _CLK_F_itime
87e3c520   _CLK_itime
87e3c53c   __CLK_lat1beg
87e3c560   __CLK_lat1end
87e3c580   _TSK_setup
87e3c720   _KNL_saveIsrFrame
87e3c7cc   _KNL_switch
87e3c878   KNL_glue
87e3c8a0   __auto_init
87e3c9e0   _KNL_ready
87e3cb20   _MSGQ_open
87e3cc60   _TSK_exit
87e3cda0   _BCACHE_setSize
87e3cde4   _BCACHE_setMar
87e3ce34   _BCACHE_bootInit
87e3ce34   _BCACHE_setCacheToSram
87e3ce64   _BCACHE_getSize
87e3ceb4   _BCACHE_getMar
87e3cf0c   _CLK_reconfig
87e3d084   _GBL_cacheInit64P
87e3d140   _KNL_check
87e3d18c   __KNL_lat1beg
87e3d208   _KNL_idle
87e3d208   __KNL_lat1end
87e3d230   _KNL_max
87e3d304   _TSK_startup
87e3d380   _MSGQ_locate
87e3d480   _MSGQ_startup
87e3d64c   _BCACHE_wbInv
87e3d660   _BCACHE_wb
87e3d670   _BCACHE_inv
87e3d680   _MSGQ_locateLocal
87e3d760   _SEM_post
87e3d760   _SEM_postBinary
87e3d840   _KNL_exit
87e3d880   _KNL_enter
87e3d900   _MSGQ_alloc
87e3d9c0   _KNL_start
87e3da60   _MSGQ_close
87e3db00   _MSGQ_get
87e3dba0   _MSGQ_put
87e3dc40   _SEM_postEnterKnl
87e3dce0   _SWI_setattrs
87e3dd80   _SYS_exit
87e3de20   _ATM_andi
87e3de20   _ATM_andu
87e3de30   _ATM_cleari
87e3de30   _ATM_clearu
87e3de40   _ATM_deci
87e3de40   _ATM_decu
87e3de50   _ATM_inci
87e3de50   _ATM_incu
87e3de64   _ATM_ori
87e3de64   _ATM_oru
87e3de74   _ATM_seti
87e3de74   _ATM_setu
87e3dea0   _HWI_dispatchPlug
87e3df20   _HWI_eventMap
87e3dfa0   _KNL_ipost
87e3e020   _KNL_post
87e3e0a0   _LCK_post
87e3e0c0   _LCK_pend
87e3e120   LOG_F_event
87e3e120   _LOG_event
87e3e120   __LOG_lat1beg
87e3e1a0   _OBJ_create
87e3e220   _SWI_create
87e3e2ec   _BCACHE_wbInvAll
87e3e300   _BCACHE_wbAll
87e3e310   _BCACHE_invL1pAll
87e3e320   _BCACHE_wait
87e3e3a0   _MEM_valloc
87e3e400   _SYS_error
87e3e460   FXN_F_nop
87e3e464   FXN_F_run
87e3e464   _FXN_F_run
87e3e4a0   FXN_F_zero
87e3e4a0   _FXN_F_zero
87e3e4c0   _HWI_disable
87e3e4d8   _HWI_enable
87e3e4ec   _HWI_restore
87e3e520   _MSGQ_release
87e3e580   _OBJ_delete
87e3e5e0   _SEM_pendBinary
87e3e640   _SEM_pend
87e3e6a0   STS_F_delta
87e3e6a0   _STS_delta
87e3e6cc   STS_F_add
87e3e6cc   _STS_add
87e3e6e8   STS_F_reset
87e3e6e8   _STS_reset
87e3e700   _SWI_disable
87e3e724   _SWI_enable
87e3e760   _SYS_abort
87e3e7c0   SYS_PUTCFXN
87e3e7c0   _UTL_doPutc
87e3e820   _C62_disableIER
87e3e820   _C64_disableIER
87e3e838   _C62_enableIER
87e3e838   _C64_enableIER
87e3e84c   _C62_clearIFR
87e3e84c   _C64_clearIFR
87e3e860   _MSGQ_free
87e3e8a0   _QUE_get
87e3e8a0   __QUE_lat1beg
87e3e8c0   __QUE_lat1end
87e3e8c8   _QUE_put
87e3e8c8   __QUE_lat2beg
87e3e8d4   __QUE_lat2end
87e3e8e0   SYS_ABORTFXN
87e3e8e0   _UTL_doAbort
87e3e920   GBL_USERINITFXN
87e3e920   GIO_CREATEFXN
87e3e920   GIO_DELETEFXN
87e3e920   GIO_PENDFXN
87e3e920   GIO_POSTFXN
87e3e920   PWRM_PWRM_SHAREDRESOURCEFXN
87e3e920   PWRM_PWRM_SLOTHOOKFXN
87e3e920   TSK_VCREATEFXN
87e3e920   TSK_VDELETEFXN
87e3e920   TSK_VEXITFXN
87e3e920   _FXN_F_nop
87e3e940   _GBL_getVersion
87e3e960   _HOOK_setenv
87e3e980   IDL_F_loop
87e3e980   _IDL_loop
87e3e9a0   _LOG_printf
87e3e9c0   _MSGQ_setErrorHandler
87e3e9e0   _STS_set
87e3ea00   _SWI_delete
87e3ea20   _SYS_zero
87e3ea28   _SYS_one
87e3ea40   SYS_ERRORFXN
87e3ea40   _UTL_doError
87e3ea60   SYS_EXITFXN
87e3ea60   _UTL_halt
87e3ea80   CLK_TIMEFXN
87e3ea80   _CLK_gethtime
87e3eaa0   GBL_stackbeg
87e3eaa0   _HWI_STKTOP
87e3eaa0   __stack
87e3fa98   _HWI_STKBOTTOM
87e3fa9f   GBL_stackend
87e3faa0   TSK_idle$stack
87e3fe38   TSK_idle$stkptr
87e3feac   TSK_idle
87e3feac   _TSK_idle
87e3ff00   LOG_system$buf
87e40000   trace$buf
87e44000   ___cinit__
87e44000   cinit
87e44c74   TRC_cinit
87e44c78   TRC_R_mask
87e44c78   _TRC_R_mask
87e44c7c   GBL_initdone
87e44c80   BIOS_init
87e44c80   _BIOS_init
87e44ee8   BIOS_start
87e44ee8   _BIOS_start
87e44fa0   _MSGQ_init
87e450e0   _POOL_init
87e45200   _c_int00
87e452c0   _MEM_init
87e45360   _TSK_init
87e453c0   _OBJ_init
87e45578   __ctypes_
87e458b8   _MSGQ_ATTRS
87e458c4   _MSGQ_LOCATEATTRS
87e458c8   _MSGQ_LOCATEASYNCATTRS
87e4592c   _SMAPOOL_FXNS
87e45955   KNL_swi$sts$maxfmt
87e45958   $bss
87e45958   .bss
87e45958   _HWI_dispatchTab
87e45958   ___bss__
87e4595d   KNL_swi$sts$sumfmt
87e45965   KNL_swi$sts$avgfmt
87e45a58   IDL_D_tabbeg
87e45a5c   IDL_D_calibrate
87e45a60   IDL_D_calbeg
87e45a64   LOG_D_system
87e45a64   _LOG_D_system
87e45a68   PIP_D_tabbeg
87e45a6c   PIP_D_tablen
87e45a70   CLK_R_time
87e45a74   CLK_D_timefxn
87e45a78   CLK_D_tabbeg
87e45a7c   CLK_D_isrhook
87e45a80   CLK_D_idletime
87e45a84   _CLK_htimeDiv
87e45a88   _CLK_htimeMult
87e45a8c   _CLK_ltimeDiv
87e45a90   _CLK_ltimeMult
87e45a94   _CLK_D_dirty
87e45a98   _CLK_D_prd
87e45a9c   _CLK_D_tddr
87e45aa0   _CLK_D_countspms
87e45aa4   PRD_D_tick
87e45aa4   _PRD_D_tick
87e45aa8   PRD_D_cur
87e45aac   PRD_D_elapsed
87e45ab0   PRD_D_prevtim
87e45ab4   PRD_D_scalar
87e45ab8   PRD_D_swihandle
87e45abc   PRD_D_tabbeg
87e45ac0   PRD_D_tablen
87e45ac4   PRD_D_thook
87e45ac8   RTA_D_fromHost
87e45acc   RTA_D_toHost
87e45ad0   RTA_D_logval
87e45ae0   RTA_D_stsval
87e45aec   HST_D_chanmask
87e45af0   HST_D_tabbeg
87e45af4   HST_D_tabend
87e45af8   _GBL_procId
87e45afc   _GBL_clkIn
87e45b00   _GBL_freq
87e45b04   _MEM_D_NUMSEGMENTS
87e45b08   _MEM_D_memtab
87e45b0c   _MEM_D_freelist
87e45b10   _MEM_D_lockaddr
87e45b14   _MEM_D_unlockaddr
87e45b18   _SYS
87e45b1c   __HOOK_knlId
87e45b20   __HOOK_NUMHOOKS
87e45b24   SWI_D_runaddr
87e45b24   _SWI_D_runaddr
87e45b24   _SWI_data
87e45b28   SWI_D_execaddr
87e45b28   _SWI_D_execaddr
87e45b2c   SWI_D_curmask
87e45b2c   _SWI_D_curmask
87e45b30   SWI_D_curset
87e45b30   _SWI_D_curset
87e45b34   SWI_D_lock
87e45b34   _SWI_D_lock
87e45b38   SWI_D_curmbox
87e45b3c   SWI_D_curfxn
87e45b3c   _SWI_D_curfxn
87e45b40   SWI_D_rdybeg
87e45b40   _SWI_D_rdybeg
87e45b44   SWI_D_inswi
87e45b44   _SWI_D_inswi
87e45b48   SWI_D_rdytab
87e45bc0   _KNL_wFlag
87e45bc4   _KNL_wList
87e45bc8   _KNL_alarm
87e45bcc   _KNL_setpri
87e45bd0   _KNL_inactive
87e45bd4   _KNL_priority
87e45bd8   _KNL_set
87e45bdc   _KNL_curtask
87e45be0   _KNL_prevtask
87e45be4   _KNL_curtime
87e45be8   _KNL_swiptr
87e45bec   _KNL_curqueue
87e45bf0   _KNL_maxqueue
87e45bf4   _KNL_tswitchfxn
87e45bf8   _KNL_tcreatefxn
87e45bfc   _KNL_tdeletefxn
87e45c00   _KNL_treadyfxn
87e45c04   _KNL_idlefxn
87e45c08   _EXC_sysTrapTable
87e45c10   _EXC_returnPtr
87e45c28   HWI_D_spsave
87e45c28   _HWI_D_spsave
87e45c28   _HWI_data
87e45c34   _HWI_D_inhwi
87e45c38   HWI_D_bss
87e45c3c   HWI_D_ccmask
87e45c40   _EXC_exceptionHook
87e45c44   _EXC_internalHook
87e45c48   _EXC_externalHook
87e45c4c   _EXC_nmiHook
87e45c50   _MEM_memtab
87e45c5c   DDR2
87e45c5c   HST_DSMBUFSEG
87e45c5c   MEM_MALLOCSEG
87e45c5c   MEM_SEGZERO
87e45c5c   RTDX_DATAMEMSEG
87e45c5c   TSK_STACKSEG
87e45c5c   _DDR2
87e45c60   _TSK_nTasks
87e45c64   _TSK_pid
87e45c68   _TSK
87e45c6c   _CLK_DFLTMICROSECS
87e45c70   _CLK_D_microseconds
87e45c74   _SYS_exitStackPtr
87e45c78   _SYS_exitStackTop
87e45c7c   _CLK_htimePerLtime
87e45c84   _MEM
87e45c88   _MSGQ
87e45c8c   _POOL
87e45c96   ___end__
87e45c96   end
87e45c98   _SYS_PUTCBEG
87e45e97   _SYS_PUTCEND
87e45f00   _DSPLINK_shmBaseAddress
87e45f08   _DSPLINK_shmBaseAddress_pad
87e45f84   LOG_A_TABBEG
87e45f84   LOG_system
87e45f84   _LOG_A_TABBEG
87e45f84   _LOG_system
87e45f9c   _trace
87e45f9c   trace
87e45fb4   KNL_swi
87e45fb4   LOG_A_TABEND
87e45fb4   SWI_A_TABBEG
87e45fb4   _KNL_swi
87e45fb4   _LOG_A_TABEND
87e45fe0   SWI_A_TABEND
87e45ff0   SYS$config
87e46000   HWI_A_VECS
87e46000   hwi0
87e46020   hwi1
87e46040   hwi2
87e46060   hwi3
87e46080   hwi4
87e460a0   hwi5
87e460c0   hwi6
87e460e0   hwi7
87e46100   hwi8
87e46120   hwi9
87e46140   hwi10
87e46160   hwi11
87e46180   hwi12
87e461a0   hwi13
87e461c0   hwi14
87e461e0   hwi15
87e46200   CLK_A_TABBEG
87e46200   PRD_clock
87e46200   _PRD_clock
87e46204   CLK_null
87e46208   IDL_A_CALBEG
87e46208   IDL_END$
ffffffff   CACHE_L1D
ffffffff   CACHE_L1P
ffffffff   CACHE_L2
ffffffff   DSPLINKMEM
ffffffff   ECM_EVTMASK0
ffffffff   ECM_EVTMASK1
ffffffff   ECM_EVTMASK2
ffffffff   ECM_EVTMASK3
ffffffff   IRAM
ffffffff   L1DSRAM
ffffffff   POOLMEM
ffffffff   RESET_VECTOR
ffffffff   _CACHE_L1D
ffffffff   _CACHE_L1P
ffffffff   _CACHE_L2
ffffffff   _DSPLINKMEM
ffffffff   _IRAM
ffffffff   _L1DSRAM
ffffffff   _POOLMEM
ffffffff   _RESET_VECTOR
ffffffff   ___TI_pprof_out_hndl
ffffffff   ___TI_prof_data_size
ffffffff   ___TI_prof_data_start
ffffffff   ___binit__
ffffffff   ___c_args__
ffffffff   ___pinit__
ffffffff   binit
ffffffff   pinit

[1064 symbols]
